[www.jamesxi.com/index.html]
[backblue.gif]
[fade.gif]
[index.html]
[framerusercontent.com/images/TBeoEsLrjDxK4cQDQGsqPxI7sY.png]
[framerusercontent.com/images/kRbCGSFdzFoVVlQkhGoDRtcsn4.jpg]
[framerusercontent.com/images/zZJumC0sw4A4mVjf7EhJ8rnNUkA.png]
[framerusercontent.com/images/e1SU47GraM3SOoDtwusGXaD8jA.png]
[framerusercontent.com/images/0NEVUwyMUMnbYFrpvezHUhsVwww.png]
[www.jamesxi.com/blogs.html]
[framerusercontent.com/images/ozmIYYbGZDL2zyg4nbkCknIbk.png]
[framerusercontent.com/images/WfAMIT8gZ7qVbcHY5AqnM0QRc.png]
[framerusercontent.com/images/Ar457mkwzAzWO7Q87Iv1JcVWw.png]
[framerusercontent.com/images/ZA88VvNUwmlUcuSuNYuhq5VLg1c.png]
[framerusercontent.com/images/hNBSFIwUJgJ5pU71I7JERduscgM.png]
[framerusercontent.com/images/XvlpGNihJDDN3YFgf7tVloi9DQ.png]
[framerusercontent.com/images/1ywzwGQExD9JgAUSyJ75GmKC8o.png]
[www.jamesxi.com/works.html]
[framerusercontent.com/images/uI4ui27mbDHa4aRUCFrJXCG7tGc.jpg]
[framerusercontent.com/images/YjjeqnDnPLWBiutH0NbAJNpVy24.jpg]
[framerusercontent.com/images/hR8E5AiY0HpEP9lX62yoLO7Of4.jpg]
[framerusercontent.com/images/0uFRzVZTA4PTgszo0dDOHWerg.jpg]
[framerusercontent.com/images/zlRuhykALFN6VynuuL83kYP3xJU.jpg]
[www.jamesxi.com/[object Object].13.delayed]
[framerusercontent.com/images/c0Y2WNqlPUuOxSlWMFTLFMHAkE.jpg]
[framerusercontent.com/images/VpTAsrhP2jWVlpgXsPopCa6dFw.jpg]
[framerusercontent.com/images/rD5PO5dSlR50spgPOU3qT9TIzs.jpg]
[www.jamesxi.com/blogs/icva-awards-2024-nominations.html]
[framerusercontent.com/images/SnAgmyBSq3VfisDgVbnGInT8ZIg.png]
[www.jamesxi.com/blogs/icva-awards-2024-merit-award.html]
[framerusercontent.com/images/ERpCiHPmzjT0O4uuxzQMnBm6w.png]
[www.jamesxi.com/blogs/icva-awards-2024-bronze-award.html]
[framerusercontent.com/images/JHq42c2TLTYRzZlR9Z88SKpsU.png]
[www.jamesxi.com/blogs/unicef-s-gift.html]
[framerusercontent.com/images/z6hjoXkYyaX3s3gKTqgQoZXXrY.png]
[framerusercontent.com/images/EWyktMp86I4aPzA2yVgEMM3LQ4.png]
[www.jamesxi.com/blogs/red-dot-awards.html]
[www.jamesxi.com/blogs/icva-awards-2019-nominations.html]
[framerusercontent.com/images/GQG69VHtN64eNJ9plaU7yehxD4.png]
[www.jamesxi.com/blogs/icva-awards-2021-nominations.html]
[framerusercontent.com/images/D3qCLti0CoCrHvXbAEz17DKkofY.png]
[www.jamesxi.com/blogs/icva-awards-2021-merit-award.html]
[framerusercontent.com/images/HQxgnMrah0xkkQEkP2ccUGM4.png]
[framerusercontent.com/images/E4IIgWqVhaXBkxyKdP31RiLiYI.jpg]
[www.jamesxi.com/index.html]
[framerusercontent.com/images/yd083FlPp5vZNxBeBMp0GNSFeBQ.jpg]
[framerusercontent.com/images/G9exroLuv7WV0wz98JcGUzJKgwE.jpg]
[www.jamesxi.com/blogs.html]
[framerusercontent.com/images/T8tG4gmeo1HrVGVbRCzJjcM21aA.jpg]
[www.jamesxi.com/works/art-today.html]
[framerusercontent.com/images/dVHx2debQPo8OfZ7LLQaCVG8mmg.jpg]
[www.jamesxi.com/works/popmart-miniapp.html]
[framerusercontent.com/images/hi5rwMviKLxvAChd8DFrmjcGXiI.jpg]
[www.jamesxi.com/works/african-pay.html]
[framerusercontent.com/images/vFXvuZ1wBGPqiY31OilucdeIQX0.jpg]
[www.jamesxi.com/works/the-voice-social-app.html]
[framerusercontent.com/images/yzLjl0JLmjMQooiLO598GRRg.jpg]
[www.jamesxi.com/works.html]
[www.jamesxi.com/[object Object].html]
[framerusercontent.com/images/A5LCgspUYYll84xXRqs6yaGSIFQ.png]
[www.jamesxi.com/blogs/design-mentor-cerification-for-imac.html]
[framerusercontent.com/images/572q3k8K6g3yzFOS29fXfErc3k.png]
[www.jamesxi.com/blogs/coursera-daily.html]
[framerusercontent.com/images/zS3rTaQMxwFKHLfje0JAHELREo.png]
[www.jamesxi.com/blogs/international-designer-club-awards-2021-nomination-award.html]
[framerusercontent.com/images/NPX28MG1p7pBlpcdOQxomOAcQ.png]
[www.jamesxi.com/blogs/icva-awards-2024-nominations.html]
[framerusercontent.com/images/yxwMLz6fPg2ZfCpfTJukA64aMl0.png]
[www.jamesxi.com/blogs/icva-awards-2024-merit-award.html]
[framerusercontent.com/images/AQoEzoF46hpURmyDuW7b7ciUo.png]
[www.jamesxi.com/blogs/icva-awards-2024-bronze-award.html]
[framerusercontent.com/images/x9ydAhpsuv74g4mlZMTXr1JMPg.png]
[www.jamesxi.com/blogs/unicef-s-gift.html]
[framerusercontent.com/images/owXHiSexbfNMl8tDrtayzHNpmP0.jpg]
[framerusercontent.com/images/PwTeTQe062iKATwXJxmHwYfY.jpg]
[framerusercontent.com/images/GKnuUxvpvjYumQ4mwO3h5owwIOw.jpg]
[framerusercontent.com/images/pB8dIFrLz1vviUyBMgv8mfWeU.jpg]
[framerusercontent.com/images/1PVbBHV6KTYKhSv9Cq2VQDdLLss.jpg]
[framerusercontent.com/images/eIm2fM9ZkR4ax1zwm1hfl92p2E.jpg]
[framerusercontent.com/images/uNPbCPK9BZSmhiTBkcjRQtMbJfY.jpg]
[framerusercontent.com/images/6I4QxY7GQRa2Etb0xLQwUCsQ0g.jpg]
[www.jamesxi.com/blogs/red-dot-awards.html]
[framerusercontent.com/images/tugRMPQ1LB53DNCFAx3qDCOuOys.png]
[www.jamesxi.com/blogs/icva-awards-2019-nominations.html]
[framerusercontent.com/images/EDGM4FeodkzMoSSyRuYJvMDcno.png]
[www.jamesxi.com/blogs/icva-awards-2021-nominations.html]
[framerusercontent.com/images/zNhfKH1lbKaBbxVeI9NUesi1lQ.png]
[www.jamesxi.com/blogs/icva-awards-2021-merit-award.html]
[framerusercontent.com/images/iv3VBmeBztcSS03uxREsAOScC00.jpg]
[framerusercontent.com/images/eq0R0nQyIZsInHTaGa8MGyuo60.jpg]
[framerusercontent.com/images/BkbtxAyF1tBPC15asd6nyvLgDd0.jpg]
[framerusercontent.com/images/N8J9bo7wdeW47nFYeY016B7iOs.jpg]
[framerusercontent.com/images/ZApwaXH9ds0fIWSdlrjHD4FiMY.jpg]
[framerusercontent.com/images/aDUWHHw78LFhUyJAivWY2sJkQ.jpg]
[framerusercontent.com/images/PEwgVvdaw69qDc9AeKfbvcBuRI.jpg]
[framerusercontent.com/images/bgYEJ81aOoWtiFYmJQwGsbbIn0.jpg]
[framerusercontent.com/images/VnXTkrKQG5ODfEJiMwealD4zuag.jpg]
[framerusercontent.com/images/4qJgXoDdqL1zHwd0hUvBiXTQj9E.jpg]
[framerusercontent.com/images/6EyH7r1JhoxAY5f5265F2zwZ0oM.jpg]
[framerusercontent.com/images/xofE2PYdF0laT3woAZ0IKN32A.jpg]
[framerusercontent.com/images/q5m8vNLOlOOU1fwkV4Dvk3Xiimw.jpg]
[framerusercontent.com/images/0sAuPadSQukyR5jYT5w4VlhKHw.jpg]
[framerusercontent.com/images/IkNnkyqCblVrf0o2xmeozvCJuc.jpg]
[framerusercontent.com/images/AvUBS0RAkV8V8WaUHEzgf4k6Dm4.jpg]
[framerusercontent.com/images/GIMm9hh2Xm34hFihB3QiJrgndc.jpg]
[www.jamesxi.com/works/art-today.html]
[framerusercontent.com/images/s1KJ32UQj7tvH5bp87kwHIGpg.jpg]
[framerusercontent.com/images/pNKHXPyaxUN4LmExh532uSELjE.jpg]
[framerusercontent.com/images/JJhkbmcAZZJXiwMEDy8zX8iIHvs.jpg]
[framerusercontent.com/images/x57R9qFjTRwsLLLQ9kKR0wNHHrA.jpg]
[framerusercontent.com/images/SSoItkNzYrpuBytWhbpLi32crK4.jpg]
[framerusercontent.com/images/gxqzioNKeh7TdpXTMba5Byx3bcE.jpg]
[framerusercontent.com/images/if8mixE8Br5totDyoheVfaT0tU.jpg]
[framerusercontent.com/images/4qaP5vvFinWBosFPNOu1Fnxq57A.jpg]
[framerusercontent.com/images/8bfLfoVR9cAGDf7eZgSpPLko8M.jpg]
[framerusercontent.com/images/vxtoEmbw0ZEPC2aR1qmlxMGNyGw.jpg]
[framerusercontent.com/images/E3DuRh7u4XPrD6L0DjuI3ZKnWc.jpg]
[www.jamesxi.com/works/popmart-miniapp.html]
[framerusercontent.com/images/sDqOXautd39s70fisIu382DHtbo.jpg]
[framerusercontent.com/images/ggEDPLQp0IAUFqQobwCeltY4pg4.jpg]
[framerusercontent.com/images/tYmqm9ooYG3hIzLREeE2Kp7VK4.jpg]
[framerusercontent.com/images/Z8zTpfvA5ijhcI9HiRN1aXM.jpg]
[framerusercontent.com/images/CosKdEy5ToFGdrDmyYh9AI0F3I.jpg]
[framerusercontent.com/images/vSA7PFC9vZ8vVN1Yq8RUldHRy4.jpg]
[framerusercontent.com/images/7aRSE6KeNfBWpWUjGoK0faXWq4.jpg]
[framerusercontent.com/images/kNbmuDqaY3bH9KqvKvMt46ZZpko.jpg]
[framerusercontent.com/images/vg788KCLLzou3I1bBTQrFNcWA4.jpg]
[framerusercontent.com/images/SlEhNQPfhpMwRxYbdgF18cdv1pI.jpg]
[framerusercontent.com/images/nEl0lPYQClddeiGPXTaEUMix8.jpg]
[framerusercontent.com/images/IQsEFYDfHXDhGnrOu1LSdtx0.jpg]
[www.jamesxi.com/works/african-pay.html]
[framerusercontent.com/images/XS5bhnajzmCgj3FWOFejH9C8yjs.jpg]
[framerusercontent.com/images/PyU24FJpYb6WzfuKNGWgt5vY.jpg]
[framerusercontent.com/images/5QyUuFJwJoeKxOR293z2RdbM.jpg]
[framerusercontent.com/images/OWHtIAYcWRuEADreqpwKQGb9Y8.jpg]
[framerusercontent.com/images/CaK2m52MKsMpBmbdJjJsUCk7No.jpg]
[framerusercontent.com/images/1Vmu8sm0Tk3s6LzhfZEvO1ikrXw.jpg]
[framerusercontent.com/images/PCMzzfF1lzDt76bEDwvInmCygRM.jpg]
[framerusercontent.com/images/Kbnwr1jnESBsYW3PTB4hg4srM.jpg]
[framerusercontent.com/images/iH8JFyi1ZTwJfiwQAub9q94bcJM.jpg]
[framerusercontent.com/images/tjChdEZS6Fz2CIgRaQOvFDWIuDo.jpg]
[framerusercontent.com/images/mGdCKoOR1xzhbGMBZcYp3TD9ev8.jpg]
[framerusercontent.com/images/rscSINaJ0yiCFKLAH11EzyWEQ2w.jpg]
[framerusercontent.com/images/7WRhpEkx0fPIK6byQ1cVGrki8D8.jpg]
[framerusercontent.com/images/hwt6J2MbVFAPupRNaB2ReALDEcI.jpg]
[framerusercontent.com/images/z7IDiGgANZYBrYfKqyv6r9WKMvc.jpg]
[framerusercontent.com/images/g6Ahsak1n9tCEg5gD4ckqAQ5Vo.jpg]
[framerusercontent.com/images/hFZJvXDo1KCPeoGzi7EoiGb1aA.jpg]
[www.jamesxi.com/works/the-voice-social-app.html]
[framerusercontent.com/images/jL5DrKaQx3IpuxpxLysBT2oVM1A.png]
[www.jamesxi.com/blogs/design-mentor-cerification-for-imac.html]
[framerusercontent.com/images/Lfd0VczPnjikhGISUGhA3KdUS4.png]
[framerusercontent.com/images/Ulpwldz8DIYWEciP9Gz5TcOusw.png]
[framerusercontent.com/images/LKzwJ3DcLEaijcqYmlyc7K2M.png]
[framerusercontent.com/images/7LBKbruaoylVRfmwN7Ny74frm0.png]
[framerusercontent.com/images/G9ABDNMxgmcJNVtG0nt0W4TCRA.jpg]
[framerusercontent.com/images/yl5cWun8gMup58soBuVolzjl3yA.jpg]
[framerusercontent.com/images/AsrTMMFdsKNKJZTnDL7lvtQJslU.jpg]
[www.jamesxi.com/blogs/coursera-daily.html]
[framerusercontent.com/images/6bsrSSuD3dJE7VEfNu4nNgbLSk.png]
[www.jamesxi.com/blogs/international-designer-club-awards-2021-nomination-award.html]
